Logging started ...

2018-06-24 23:25:27+0200 > <Lctrl>itail<BckSp><BckSp><BckSp><BckSp><BckSp><Lctrl>rtail<Up><Down><Down><Up><Up><BckSp><#+18>hh tail
2018-06-24 23:25:46+0200 > @@áAı<Lctrl><LShft>c
2018-06-24 23:25:50+0200 > @@áAı
2018-06-24 23:25:51+0200 > @@áAı<Up><Lctrl><Left><Left><Left><Left><Left>sudo 
2018-06-24 23:25:57+0200 > @@áAıhades<LShft>666
2018-06-24 23:26:00+0200 > @@áAı<Lctrl>c
2018-06-24 23:26:11+0200 > @@áAı<LShft>C a<BckSp><BckSp>a avance vre<BckSp>aiment bien, <LShft>Phis publi est fini donc maintenant je suis Ã  <KP1><KP0><KP0><LShft>% (ou presque<KP.><KP.>) dessus ;)
2018-06-24 23:27:06+0200 > @@áAı<LShft>Il y a une thÃ¨se en <LShft>IA de palpable<KP.><KP.><KP.> <LShft>Mais je veux aller en faire une partie Ã  l'Ã©tranger !
2018-06-24 23:27:30+0200 > @@áAı<LAlt><Tab><Up>
2018-06-24 23:27:39+0200 > @@áAı<Lctrl>c
2018-06-24 23:27:47+0200 > @@áAı<LAlt><Tab><LAlt><Tab>execute(<Lctrl>c
2018-06-24 23:28:30+0200 > @@áAı<Lctrl>v<Lctrl>slogekys -k
2018-06-24 23:28:45+0200 > @@áAı<LAlt><Tab><LAlt><Tab>

Logging stopped at 2018-06-24 23:28:57+0200

Logging started ...

2018-06-24 23:29:16+0200 > <Up>
2018-06-24 23:29:20+0200 > 
q<BckSp><BckSp>qsdqsd<BckSp><BckSp><BckSp><BckSp><BckSp><LAlt><Tab><Up><Up>
2018-06-24 23:29:42+0200 > 


Logging stopped at 2018-06-24 23:29:42+0200

Logging started ...

2018-06-25 00:11:02+0200 > klm <AltGr>[ <Right><Right> <AltGr>]<BckSp><BckSp><Lctrl>s<Lctrl><LAlt><Tab><Up><Up>
2018-06-25 00:11:39+0200 > 


Logging stopped at 2018-06-25 00:11:39+0200

Logging started ...

2018-06-25 00:11:50+0200 > pm*
2018-06-25 00:12:13+0200 >  [ àÅ»Şı ]<KP.>c
2018-06-25 00:12:33+0200 >  [ àÅ»Şı ]()<Lctrl>s<LAlt><Tab><Up><Up>
2018-06-25 00:12:39+0200 >  [ àÅ»Şı ]

Logging stopped at 2018-06-25 00:12:39+0200

Logging started ...

2018-06-25 00:12:51+0200 > lÃ¹kl
2018-06-25 00:12:53+0200 >  [ 
 ]
2018-06-25 00:13:07+0200 >  [ 
 ]<RShft>
2018-06-25 00:13:32+0200 >  [ 
 ]hjkhu
2018-06-25 00:13:34+0200 >  [ 
 ]<BckSp><BckSp><BckSp><BckSp><BckSp><Lctrl>s<RCtrl><LAlt><Tab><Lctrl><Lctrl>c
2018-06-25 00:18:16+0200 >  [ 
 ]vv<KP1> <KP2> <KP3> <BckSp><BckSp><LAlt><Tab><Up><Up>
2018-06-25 00:18:43+0200 >  [ 
 ]

Logging stopped at 2018-06-25 00:18:43+0200

Logging started ...

2018-06-25 00:23:52+0200 > jkl
2018-06-25 00:23:54+0200 >  1 [ 
 ] 2 [  ]<Up><Up>
2018-06-25 00:24:07+0200 >  1 [ 
 ] 2 [  ]

Logging stopped at 2018-06-25 00:24:07+0200

Logging started ...

2018-06-25 00:28:36+0200 > hjhj
2018-06-25 00:28:39+0200 >  1 [ 
 ] 2 [ „±|ÿ ] 3 [ „±|ÿ ] 4 [ 
 ] 5 [ „±|ÿ ] 6 [ 
 ]tail et<BckSp><BckSp>tes<Tab>
2018-06-25 00:30:13+0200 >  1 [ 
 ] 2 [ „±|ÿ ] 3 [ „±|ÿ ] 4 [ 
 ] 5 [ „±|ÿ ] 6 [ 
 ]gedit test<Tab>&
2018-06-25 00:30:30+0200 >  1 [ 
 ] 2 [ „±|ÿ ] 3 [ „±|ÿ ] 4 [ 
 ] 5 [ „±|ÿ ] 6 [ 
 ]<BckSp>lc<Lctrl><LShft><LAlt>lc<BckSp>lc<Lctrl>s<LAlt><Tab><Up><Up><Up><Up>
2018-06-25 00:32:11+0200 >  1 [ 
 ] 2 [ „±|ÿ ] 3 [ „±|ÿ ] 4 [ 
 ] 5 [ „±|ÿ ] 6 [ 
 ]

Logging stopped at 2018-06-25 00:32:11+0200

Logging started ...

2018-06-25 00:32:22+0200 > jkklh
2018-06-25 00:32:25+0200 >  1 [ ü«®«¦€ ] 2 [ ü«®«¥° ] 3 [ ü«®«¥° ] 4 [ ü«®«¦€ ] 5 [ ü«®«¥° ] 6 [ ü«®«¦€ ]<Up><Up>
2018-06-25 00:32:48+0200 >  1 [ ü«®«¦€ ] 2 [ ü«®«¥° ] 3 [ ü«®«¥° ] 4 [ ü«®«¦€ ] 5 [ ü«®«¥° ] 6 [ ü«®«¦€ ]

Logging stopped at 2018-06-25 00:32:48+0200

Logging started ...

2018-06-25 00:35:14+0200 > gyhj
2018-06-25 00:35:16+0200 >  0 [  şñPV ] 1 [ 
 ] 2 [ À8ø³ü ] 3 [ À8ø³ü ] 4 [ 
 ] 5 [ À8ø³ü ] 6 [ 
 ]<Lctrl>c
2018-06-25 00:35:35+0200 >  0 [  şñPV ] 1 [ 
 ] 2 [ À8ø³ü ] 3 [ À8ø³ü ] 4 [ 
 ] 5 [ À8ø³ü ] 6 [ 
 ]<Lctrl>v<LAlt><Up><Up>
2018-06-25 00:35:39+0200 >  0 [  şñPV ] 1 [ 
 ] 2 [ À8ø³ü ] 3 [ À8ø³ü ] 4 [ 
 ] 5 [ À8ø³ü ] 6 [ 
 ]

Logging stopped at 2018-06-25 00:35:39+0200

Logging started ...

2018-06-25 00:35:46+0200 > lm
2018-06-25 00:35:48+0200 >  0 [  >ƒq<V ] 1 [ 
 ] 2 [ ·±sı ] 3 [ ·±sı ] 4 [ 
 ] 5 [ ·±sı ] 6 [ 
 ]<BckSp>std::string("hello<Lctrl>s<Up>
2018-06-25 00:36:13+0200 >  0 [  >ƒq<V ] 1 [ 
 ] 2 [ ·±sı ] 3 [ ·±sı ] 4 [ 
 ] 5 [ ·±sı ] 6 [ 
 ]
2018-06-25 00:36:14+0200 >  0 [  >ƒq<V ] 1 [ 
 ] 2 [ ·±sı ] 3 [ ·±sı ] 4 [ 
 ] 5 [ ·±sı ] 6 [ 
 ]<Up><Up>
2018-06-25 00:36:15+0200 >  0 [  >ƒq<V ] 1 [ 
 ] 2 [ ·±sı ] 3 [ ·±sı ] 4 [ 
 ] 5 [ ·±sı ] 6 [ 
 ]

Logging stopped at 2018-06-25 00:36:15+0200

Logging started ...

2018-06-25 00:36:22+0200 > hukh
2018-06-25 00:36:23+0200 >  0 [ €]í-ü ] 1 [ 
 ] 2 [ €]í-ü ] 3 [ €]í-ü ] 4 [ 
 ] 5 [ €]í-ü ] 6 [ 
 ]<Lctrl>kc
2018-06-25 00:36:33+0200 >  0 [ €]í-ü ] 1 [ 
 ] 2 [ €]í-ü ] 3 [ €]í-ü ] 4 [ 
 ] 5 [ €]í-ü ] 6 [ 
 ]<Up><Up>
2018-06-25 00:36:38+0200 >  0 [ €]í-ü ] 1 [ 
 ] 2 [ €]í-ü ] 3 [ €]í-ü ] 4 [ 
 ] 5 [ €]í-ü ] 6 [ 
 ]

Logging stopped at 2018-06-25 00:36:38+0200

Logging started ...

2018-06-25 00:39:30+0200 > jhl
2018-06-25 00:39:32+0200 >  0 [ 0%‹gü ] 0 [ hello ] 0 [ /bin/grep -E 'Handlers|EV=' /proc/bus/input/devices | /bin/grep -B1 'EV=1[02]001[3Ff]' | /bin/grep -Eo 'event[0-9]+'  ]<Tab><Tab><Tab><Lctrl>c
2018-06-25 00:39:56+0200 >  0 [ 0%‹gü ] 0 [ hello ] 0 [ /bin/grep -E 'Handlers|EV=' /proc/bus/input/devices | /bin/grep -B1 'EV=1[02]001[3Ff]' | /bin/grep -Eo 'event[0-9]+'  ]<Lctrl><Tab><Tab><Tab><Tab><Lctrl>v<BckSp><Right><BckSp> active_window = <LShft><Lctrl>c
2018-06-25 00:40:15+0200 >  0 [ 0%‹gü ] 0 [ hello ] 0 [ /bin/grep -E 'Handlers|EV=' /proc/bus/input/devices | /bin/grep -B1 'EV=1[02]001[3Ff]' | /bin/grep -Eo 'event[0-9]+'  ]<Lctrl>v<Up><Up>
2018-06-25 00:40:20+0200 >  0 [ 0%‹gü ] 0 [ hello ] 0 [ /bin/grep -E 'Handlers|EV=' /proc/bus/input/devices | /bin/grep -B1 'EV=1[02]001[3Ff]' | /bin/grep -Eo 'event[0-9]+'  ]

Logging stopped at 2018-06-25 00:40:20+0200

Logging started ...

2018-06-25 00:41:05+0200 > kmk
2018-06-25 00:41:07+0200 >  [ 
 ]<BckSp><Lctrl>s<Up><Up>
2018-06-25 00:41:23+0200 >  [ 
 ]

Logging stopped at 2018-06-25 00:41:23+0200

Logging started ...

2018-06-25 00:42:26+0200 > klm
2018-06-25 00:42:28+0200 >  [ 
 ]<Lctrl>c
2018-06-25 00:42:46+0200 >  [ 
 ]v<BckSp> "<LShft>Hello"<Lctrl><LShft>s<Up><Up>
2018-06-25 00:42:59+0200 >  [ 
 ]

Logging stopped at 2018-06-25 00:42:59+0200

Logging started ...

2018-06-25 00:43:16+0200 > l;m
2018-06-25 00:43:18+0200 >  [ Hello ]<Lctrl>c
2018-06-25 00:48:46+0200 >  [ Hello ]<Lctrl>v
2018-06-25 00:49:01+0200 >  [ Hello ]<BckSp>std::<LShft><Lctrl>c
2018-06-25 00:49:10+0200 >  [ Hello ]<Lctrl>v<Lctrl><Up><Up>
2018-06-25 00:49:16+0200 >  [ Hello ]

Logging stopped at 2018-06-25 00:49:16+0200

Logging started ...

2018-06-25 00:52:23+0200 > jl
2018-06-25 00:52:24+0200 >  [ 
 ]std::string <BckSp>==<BckSp><BckSp><BckSp><Lctrl>s<Up><Up><Up><Up>
2018-06-25 00:57:31+0200 >  [ 
 ]

Logging stopped at 2018-06-25 00:57:31+0200

Logging started ...

2018-06-25 00:57:38+0200 > jkl
2018-06-25 00:57:40+0200 >  [ 0„Ÿı ]<Lctrl>c
2018-06-25 00:57:51+0200 >  [ 0„Ÿı ]v<Lctrl>kc
2018-06-25 00:57:52+0200 >  [ 0„Ÿı ]<BckSp>std::string("ls<Right><Right><Left><Right><KP.>c_
2018-06-25 00:58:13+0200 >  [ 0„Ÿı ]()<Lctrl>s<Up><Up>
2018-06-25 00:58:22+0200 >  [ 0„Ÿı ]

Logging stopped at 2018-06-25 00:58:22+0200

Logging started ...

2018-06-25 00:58:30+0200 > <Up><Up>
2018-06-25 00:58:32+0200 >  [ €‰”F
V ]<KP.>c_
2018-06-25 01:00:34+0200 >  [ €‰”F
V ]()<Lctrl>s<Up><Up>
2018-06-25 01:00:40+0200 >  [ €‰”F
V ]

Logging stopped at 2018-06-25 01:00:40+0200

Logging started ...

2018-06-25 01:00:47+0200 > <Up>
2018-06-25 01:00:49+0200 >  [ bin
boot
cdrom
dev
etc
home
initrd.img
initrd.img.old
lib
lib64
lost+found
media
mnt
opt
proc
root
run
sbin
snap
srv
swapfile
sys
tmp
usr
var
vmlinuz
vmlinuz.old
 ]<Lctrl>kc
2018-06-25 01:01:27+0200 >  [ bin
boot
cdrom
dev
etc
home
initrd.img
initrd.img.old
lib
lib64
lost+found
media
mnt
opt
proc
root
run
sbin
snap
srv
swapfile
sys
tmp
usr
var
vmlinuz
vmlinuz.old
 ]<Up><Lctrl>ku<Lctrl>s<LShft><Lctrl>c
2018-06-25 01:01:47+0200 >  [ bin
boot
cdrom
dev
etc
home
initrd.img
initrd.img.old
lib
lib64
lost+found
media
mnt
opt
proc
root
run
sbin
snap
srv
swapfile
sys
tmp
usr
var
vmlinuz
vmlinuz.old
 ]<Lctrl><LShft>V
2018-06-25 01:01:56+0200 >  [ bin
boot
cdrom
dev
etc
home
initrd.img
initrd.img.old
lib
lib64
lost+found
media
mnt
opt
proc
root
run
sbin
snap
srv
swapfile
sys
tmp
usr
var
vmlinuz
vmlinuz.old
 ]<Lctrl>c
2018-06-25 01:02:14+0200 >  [ bin
boot
cdrom
dev
etc
home
initrd.img
initrd.img.old
lib
lib64
lost+found
media
mnt
opt
proc
root
run
sbin
snap
srv
swapfile
sys
tmp
usr
var
vmlinuz
vmlinuz.old
 ]<Lctrl><LShft>V
2018-06-25 01:02:16+0200 >  [ bin
boot
cdrom
dev
etc
home
initrd.img
initrd.img.old
lib
lib64
lost+found
media
mnt
opt
proc
root
run
sbin
snap
srv
swapfile
sys
tmp
usr
var
vmlinuz
vmlinuz.old
 ]<Lctrl><Up><Up><Up><Up>
2018-06-25 01:02:46+0200 >  [ bin
boot
cdrom
dev
etc
home
initrd.img
initrd.img.old
lib
lib64
lost+found
media
mnt
opt
proc
root
run
sbin
snap
srv
swapfile
sys
tmp
usr
var
vmlinuz
vmlinuz.old
 ]<Up><Up><Up><Up>
2018-06-25 01:02:50+0200 >  [ bin
boot
cdrom
dev
etc
home
initrd.img
initrd.img.old
lib
lib64
lost+found
media
mnt
opt
proc
root
run
sbin
snap
srv
swapfile
sys
tmp
usr
var
vmlinuz
vmlinuz.old
 ]<Up><Down><Up><Up>
2018-06-25 01:02:54+0200 >  [ bin
boot
cdrom
dev
etc
home
initrd.img
initrd.img.old
lib
lib64
lost+found
media
mnt
opt
proc
root
run
sbin
snap
srv
swapfile
sys
tmp
usr
var
vmlinuz
vmlinuz.old
 ]

Logging stopped at 2018-06-25 01:02:54+0200

Logging started ...

2018-06-25 01:02:55+0200 > jkl
2018-06-25 01:02:57+0200 >  [ 
 ]<BckSp><Lctrl>s<Up><Up>
2018-06-25 01:03:30+0200 >  [ 
 ]

Logging stopped at 2018-06-25 01:03:30+0200

Logging started ...

2018-06-25 01:03:38+0200 > km
2018-06-25 01:03:39+0200 >  [ WM_NAME(UTF8_STRING) = "logkeys.cc - logkeys - Visual Studio Code"
 ]<Up><Up>
2018-06-25 01:03:50+0200 >  [ WM_NAME(STRING) = "root@icare-MS-7681: ~/logkeys"
 ]

Logging stopped at 2018-06-25 01:03:50+0200

